// Vitest Snapshot v1

exports[`AddBook > renders the initial state correctly 1`] = `
<div>
  <article
    data-testid="form-container"
  >
    <h2>
      Add New Book
    </h2>
    <form>
      <input
        data-testid="book-title-input"
        placeholder="Book Title"
        required=""
        type="text"
        value=""
      />
      <input
        data-testid="author-title-input"
        placeholder="Author"
        required=""
        type="text"
        value=""
      />
    </form>
  </article>
</div>
`;
