// Vitest Snapshot v1

exports[`App > renders the initial state correctly 1`] = `
<div>
  <nav>
    <h1>
      BookStore
    </h1>
    <div>
      <ul>
        <li>
           
          <a
            class=""
            data-testid="link-item"
            href="#/books"
          >
            Books
          </a>
        </li>
        <li>
           
          <a
            class=""
            data-testid="link-item"
            href="#/categories"
          >
            Categories
          </a>
        </li>
      </ul>
    </div>
  </nav>
  <ul />
  <article
    data-testid="form-container"
  >
    <h2>
      Add New Book
    </h2>
    <form>
      <input
        data-testid="book-title-input"
        name="title"
        placeholder="Book Title"
        required=""
        type="text"
        value=""
      />
      <input
        data-testid="author-title-input"
        name="author"
        placeholder="Author"
        required=""
        type="text"
        value=""
      />
      <button
        type="submit"
      >
        Add Book
      </button>
    </form>
  </article>
</div>
`;
